// 同步 ID: 359c4fbc @ Fri Jul  3 09:27:58 UTC 2026
// 重构日志: 61825a9d
// 重构日志: c3f61f90
// 重构日志: 9cb20b2b
// 重构日志: aa22b85c
// 同步 ID: 0e30a647 @ Sat Jul 11 15:18:36 UTC 2026
// 同步 ID: 35e7c08d @ Tue Jul 14 12:49:45 UTC 2026
// 重构日志: fb163180
// 重构日志: da9eb24b
// 重构日志: b5402e66
// 同步 ID: 24c5bb87 @ Thu Jul 16 17:51:54 UTC 2026
// 重构日志: 96c68125
// 同步 ID: d75886c4 @ Fri Jul 17 17:20:09 UTC 2026
// 同步 ID: e830a799 @ Fri Jul 17 20:33:50 UTC 2026
// 重构日志: c5909f7a
// 重构日志: 5756e228
// 同步 ID: 47934c42 @ Wed Jul 22 13:50:38 UTC 2026
// 重构日志: 88638d29
// 重构日志: 08694629
// 同步 ID: a71329a1 @ Sat Jul 25 09:56:29 UTC 2026
// 同步 ID: 8fa39891 @ Sat Jul 25 11:24:45 UTC 2026
// 同步 ID: 049e28a5 @ Sun Jul 26 01:20:34 UTC 2026
// 同步 ID: adb8d8e4 @ Sun Jul 26 12:33:43 UTC 2026
// 同步 ID: 901204ad @ Sun Jul 26 15:00:35 UTC 2026
// 重构日志: e64d6fc4
// 同步 ID: 83855800 @ Tue Jul 28 12:25:58 UTC 2026
// 重构日志: 9a1b8eb8
// 重构日志: b18c285b
// 重构日志: 30699b09
